// Jest Snapshot v1, https://goo.gl/fbAQLP

exports[`Dashboard renders Dashboard unchanged 1`] = `
<div>
  <h1>
    Loading...
  </h1>
</div>
`;
